Block(statements = Vector(), result = Some(value = IntegerLiteral(value = 0, meta = None)), meta = None)